08-49-2019 17:49:51 root:INFO:Server start.
08-49-2019 17:49:58 root:INFO:New Submit:683926
08-50-2019 17:50:04 root:INFO:Accept new user
08-50-2019 17:50:04 root:INFO:Receive:~@Tourist:Login
08-50-2019 17:50:04 root:INFO:Receive:INFO:518030910089
08-50-2019 17:50:14 root:INFO:Receive:HELLO-CALL
08-50-2019 17:50:21 root:INFO:Receive:INFO:ligongzzz
08-50-2019 17:50:44 root:INFO:Receive:HELLO-CALL
08-51-2019 17:51:14 root:INFO:Receive:HELLO-CALL
08-51-2019 17:51:44 root:INFO:Receive:HELLO-CALL
08-51-2019 17:51:46 root:INFO:Receive:INFO:518030910092
08-52-2019 17:52:14 root:INFO:Receive:HELLO-CALL
08-52-2019 17:52:44 root:INFO:Receive:HELLO-CALL
08-53-2019 17:53:14 root:INFO:Receive:HELLO-CALL
08-53-2019 17:53:44 root:INFO:Receive:HELLO-CALL
08-54-2019 17:54:14 root:INFO:Receive:HELLO-CALL
08-54-2019 17:54:44 root:INFO:Receive:HELLO-CALL
08-55-2019 17:55:06 root:WARNING:Connection closed.
08-58-2019 17:58:54 root:INFO:Accept new user
08-58-2019 17:58:54 root:INFO:Receive:~@Tourist:Login
08-59-2019 17:59:04 root:INFO:Receive:HELLO-CALL
08-59-2019 17:59:34 root:INFO:Receive:HELLO-CALL
08-59-2019 17:59:44 root:INFO:Accept new user
08-59-2019 17:59:44 root:INFO:Receive:~@Tourist:Login
08-59-2019 17:59:44 root:INFO:Receive:INFO:518030910092
08-59-2019 17:59:51 root:INFO:Receive:INFO:518030910034
08-59-2019 17:59:52 root:INFO:Receive:TODO:1001518030910092~@$18970816980xz
08-59-2019 17:59:52 root:INFO:send: submit_success
08-59-2019 17:59:54 root:INFO:Receive:HELLO-CALL
08-00-2019 18:00:04 root:INFO:Receive:HELLO-CALL
08-00-2019 18:00:05 root:INFO:New Submit:683927
08-00-2019 18:00:25 root:INFO:Receive:HELLO-CALL
08-00-2019 18:00:34 root:INFO:Receive:HELLO-CALL
08-00-2019 18:00:45 root:INFO:Receive:TODO:1027518030910092~@$18970816980xz
08-00-2019 18:00:45 root:INFO:send: submit_success
08-00-2019 18:00:59 root:INFO:New Submit:683928
08-01-2019 18:01:04 root:INFO:Receive:HELLO-CALL
08-01-2019 18:01:05 root:INFO:Receive:HELLO-CALL
08-01-2019 18:01:29 root:INFO:Receive:TODO:1027518030910034~@$hzx25@0916
08-01-2019 18:01:29 root:INFO:send: submit_success
08-01-2019 18:01:34 root:INFO:Receive:HELLO-CALL
08-01-2019 18:01:47 root:INFO:Receive:HELLO-CALL
08-01-2019 18:01:47 root:INFO:New Submit:683929
08-02-2019 18:02:04 root:INFO:Receive:HELLO-CALL
08-02-2019 18:02:17 root:INFO:Receive:HELLO-CALL
08-02-2019 18:02:22 root:WARNING:Connection closed.
08-02-2019 18:02:32 root:WARNING:Connection closed.
08-03-2019 18:03:36 root:INFO:Accept new user
08-03-2019 18:03:37 root:INFO:Receive:~@Tourist:Login
08-03-2019 18:03:37 root:INFO:Receive:INFO:518030910092
08-04-2019 18:04:18 root:INFO:Receive:HELLO-CALL
08-05-2019 18:05:25 root:INFO:Receive:HELLO-CALL
08-08-2019 18:08:15 root:INFO:Receive:HELLO-CALL
08-09-2019 18:09:41 root:INFO:Receive:HELLO-CALL
08-10-2019 18:10:35 root:INFO:Receive:HELLO-CALL
08-13-2019 18:13:14 root:INFO:Receive:HELLO-CALL
08-13-2019 18:13:44 root:INFO:Receive:HELLO-CALL
08-14-2019 18:14:14 root:INFO:Receive:HELLO-CALL
08-14-2019 18:14:44 root:INFO:Receive:HELLO-CALL
08-15-2019 18:15:14 root:INFO:Receive:HELLO-CALL
08-15-2019 18:15:44 root:INFO:Receive:HELLO-CALL
08-16-2019 18:16:14 root:INFO:Receive:HELLO-CALL
08-16-2019 18:16:44 root:INFO:Receive:HELLO-CALL
08-17-2019 18:17:14 root:INFO:Receive:HELLO-CALL
08-17-2019 18:17:44 root:INFO:Receive:HELLO-CALL
08-18-2019 18:18:14 root:INFO:Receive:HELLO-CALL
08-18-2019 18:18:44 root:INFO:Receive:HELLO-CALL
08-19-2019 18:19:14 root:INFO:Receive:HELLO-CALL
08-19-2019 18:19:44 root:INFO:Receive:HELLO-CALL
08-20-2019 18:20:14 root:INFO:Receive:HELLO-CALL
08-20-2019 18:20:44 root:INFO:Receive:HELLO-CALL
08-20-2019 18:20:54 root:WARNING:Connection closed.
08-21-2019 18:21:56 root:INFO:Accept new user
08-21-2019 18:21:57 root:INFO:Receive:~@Tourist:Login
08-21-2019 18:21:57 root:INFO:Receive:INFO:518030910092
08-22-2019 18:22:07 root:INFO:Receive:HELLO-CALL
08-22-2019 18:22:31 root:INFO:Receive:INFO:ligongzzz
08-22-2019 18:22:37 root:INFO:Receive:HELLO-CALL
08-22-2019 18:22:39 root:INFO:Receive:INFO:518030910092
08-23-2019 18:23:01 root:INFO:Receive:INFO:518021910889
08-23-2019 18:23:07 root:INFO:Receive:HELLO-CALL
08-23-2019 18:23:37 root:INFO:Receive:HELLO-CALL
08-24-2019 18:24:26 root:INFO:Receive:HELLO-CALL
08-25-2019 18:25:18 root:INFO:Receive:HELLO-CALL
08-25-2019 18:25:48 root:INFO:Receive:HELLO-CALL
08-26-2019 18:26:21 root:INFO:Receive:HELLO-CALL
08-26-2019 18:26:51 root:INFO:Receive:HELLO-CALL
08-27-2019 18:27:54 root:INFO:Receive:HELLO-CALL
08-28-2019 18:28:54 root:INFO:Receive:HELLO-CALL
08-29-2019 18:29:24 root:INFO:Receive:HELLO-CALL
08-30-2019 18:30:02 root:INFO:Receive:HELLO-CALL
08-30-2019 18:30:03 root:INFO:Receive:INFO:魔卡少女
08-30-2019 18:30:32 root:INFO:Receive:HELLO-CALL
08-31-2019 18:31:23 root:INFO:Receive:HELLO-CALL
08-31-2019 18:31:46 root:INFO:Receive:INFO:518030910150
08-31-2019 18:31:57 root:INFO:Receive:HELLO-CALL
08-32-2019 18:32:48 root:INFO:Accept new user
08-32-2019 18:32:48 root:INFO:Receive:~@Tourist:Login
08-32-2019 18:32:57 root:INFO:Accept new user
08-32-2019 18:32:58 root:INFO:Receive:~@Tourist:Login
08-32-2019 18:32:58 root:INFO:Receive:INFO:518030910150
08-32-2019 18:32:58 root:WARNING:Connection closed.
08-33-2019 18:33:08 root:INFO:Receive:HELLO-CALL
08-33-2019 18:33:35 root:INFO:Receive:INFO:518030910092
08-33-2019 18:33:38 root:INFO:Receive:HELLO-CALL
08-34-2019 18:34:08 root:INFO:Receive:HELLO-CALL
08-34-2019 18:34:38 root:INFO:Receive:HELLO-CALL
08-35-2019 18:35:08 root:INFO:Receive:HELLO-CALL
08-35-2019 18:35:23 root:INFO:Receive:INFO:518030910094
08-35-2019 18:35:38 root:INFO:Receive:HELLO-CALL
08-36-2019 18:36:08 root:INFO:Receive:HELLO-CALL
08-36-2019 18:36:38 root:INFO:Receive:HELLO-CALL
08-37-2019 18:37:07 root:INFO:Receive:INFO:518030910093
08-37-2019 18:37:08 root:INFO:Receive:HELLO-CALL
08-38-2019 18:38:18 root:INFO:Receive:HELLO-CALL
08-38-2019 18:38:48 root:INFO:Receive:HELLO-CALL
08-39-2019 18:39:18 root:INFO:Receive:HELLO-CALL
08-39-2019 18:39:48 root:INFO:Receive:HELLO-CALL
08-40-2019 18:40:18 root:INFO:Receive:HELLO-CALL
08-40-2019 18:40:53 root:INFO:Receive:HELLO-CALL
08-41-2019 18:41:23 root:INFO:Receive:HELLO-CALL
08-41-2019 18:41:53 root:INFO:Receive:HELLO-CALL
08-42-2019 18:42:23 root:INFO:Receive:HELLO-CALL
08-42-2019 18:42:55 root:INFO:Receive:HELLO-CALL
08-43-2019 18:43:27 root:WARNING:Connection closed.
08-43-2019 18:43:27 root:INFO:Accept new user
08-43-2019 18:43:28 root:INFO:Receive:~@Tourist:Login
08-43-2019 18:43:28 root:INFO:Receive:INFO:518030910093
08-43-2019 18:43:38 root:INFO:Receive:HELLO-CALL
08-43-2019 18:43:40 root:INFO:Receive:INFO:ligongzzz
08-44-2019 18:44:08 root:INFO:Receive:HELLO-CALL
08-44-2019 18:44:38 root:INFO:Receive:HELLO-CALL
08-44-2019 18:44:52 root:WARNING:Connection closed.
08-44-2019 18:44:53 root:INFO:Accept new user
08-44-2019 18:44:53 root:INFO:Receive:~@Tourist:Login
08-44-2019 18:44:54 root:INFO:Receive:INFO:ligongzzz
08-45-2019 18:45:03 root:INFO:Receive:HELLO-CALL
08-45-2019 18:45:15 root:WARNING:Connection closed.
08-49-2019 18:49:00 root:WARNING:Connection closed.
